// Jest Snapshot v1, https://goo.gl/fbAQLP

exports[`App should show App 1`] = `
<div>
   loading
</div>
`;

exports[`Transaction should show Transaction 1`] = `
<div>
   loading
</div>
`;
