// Jest Snapshot v1, https://goo.gl/fbAQLP

exports[`Statistics should show Statistics 1`] = `
<h1>
  Statistic
</h1>
`;
