// Jest Snapshot v1, https://goo.gl/fbAQLP

exports[`Transactions should show Transactions 1`] = `
<div>
  <hr />
</div>
`;
